// Jest Snapshot v1, https://goo.gl/fbAQLP

exports[`NavigationBar renders "Not logged in" correctly 1`] = `
"<Blueprint3.Navbar className=\\"NavigationBar primary-navbar bp3-dark\\">
  <Blueprint3.NavbarGroup align=\\"left\\">
    <div className=\\"NavigationBar__link bp3-button bp3-minimal\\">
      <Blueprint3.Icon icon=\\"code\\" />
      <div className=\\"navbar-button-text hidden-xs\\">
        SMLSlang Demonstration
      </div>
    </div>
  </Blueprint3.NavbarGroup>
</Blueprint3.Navbar>"
`;

exports[`NavigationBar renders correctly with username 1`] = `
"<Blueprint3.Navbar className=\\"NavigationBar primary-navbar bp3-dark\\">
  <Blueprint3.NavbarGroup align=\\"left\\">
    <div className=\\"NavigationBar__link bp3-button bp3-minimal\\">
      <Blueprint3.Icon icon=\\"code\\" />
      <div className=\\"navbar-button-text hidden-xs\\">
        SMLSlang Demonstration
      </div>
    </div>
  </Blueprint3.NavbarGroup>
</Blueprint3.Navbar>"
`;
